[weblearnbd.net/tphtml/ninico/index.html]
[backblue.gif]
[fade.gif]
[index.html]
[weblearnbd.net/tphtml/ninico/assets/img/logo/favicon.png]
[weblearnbd.net/tphtml/ninico/assets/css/bootstrap.min.css]
[weblearnbd.net/tphtml/ninico/assets/css/animate.css]
[weblearnbd.net/tphtml/ninico/assets/css/swiper-bundle.css]
[weblearnbd.net/tphtml/ninico/assets/css/slick.css]
[weblearnbd.net/tphtml/ninico/assets/css/nice-select.css]
[weblearnbd.net/tphtml/ninico/assets/css/fontawesome.min.css]
[weblearnbd.net/tphtml/ninico/assets/css/magnific-popup.css]
[weblearnbd.net/tphtml/ninico/assets/css/meanmenu.css]
[weblearnbd.net/tphtml/ninico/assets/css/spacing.css]
[weblearnbd.net/tphtml/ninico/assets/css/main.css]
[weblearnbd.net/tphtml/ninico/shop.html]
[weblearnbd.net/tphtml/ninico/assets/img/logo/logo.png]
[weblearnbd.net/tphtml/ninico/assets/img/icon/lang-flag.png]
[weblearnbd.net/tphtml/ninico/sign-in.html]
[weblearnbd.net/tphtml/ninico/wishlist.html]
[weblearnbd.net/tphtml/ninico/shop-2.html]
[weblearnbd.net/tphtml/ninico/index-2.html]
[weblearnbd.net/tphtml/ninico/index-3.html]
[weblearnbd.net/tphtml/ninico/index-4.html]
[weblearnbd.net/tphtml/ninico/index-5.html]
[weblearnbd.net/tphtml/ninico/shop-details.html]
[weblearnbd.net/tphtml/ninico/shop-details-2.html]
[weblearnbd.net/tphtml/ninico/shop-location.html]
[weblearnbd.net/tphtml/ninico/cart.html]
[weblearnbd.net/tphtml/ninico/checkout.html]
[weblearnbd.net/tphtml/ninico/track.html]
[weblearnbd.net/tphtml/ninico/about.html]
[weblearnbd.net/tphtml/ninico/error.html]
[weblearnbd.net/tphtml/ninico/coming-soon.html]
[weblearnbd.net/tphtml/ninico/blog.html]
[weblearnbd.net/tphtml/ninico/blog-details.html]
[weblearnbd.net/tphtml/ninico/contact.html]
[weblearnbd.net/tphtml/ninico/assets/img/product/home-one/product-1.jpg]
[weblearnbd.net/tphtml/ninico/assets/img/product/home-one/product-3.jpg]
[weblearnbd.net/tphtml/ninico/assets/img/icon/title-shape-02.jpg]
[weblearnbd.net/tphtml/ninico/assets/img/slider/banner-1.jpg]
[weblearnbd.net/tphtml/ninico/assets/img/slider/banner-2.jpg]
[weblearnbd.net/tphtml/ninico/assets/img/slider/banner-3.jpg]
[weblearnbd.net/tphtml/ninico/assets/img/slider/banner-slider-01.jpg]
[weblearnbd.net/tphtml/ninico/assets/img/slider/banner-slider-02.jpg]
[weblearnbd.net/tphtml/ninico/assets/img/icon/title-shape-01.jpg]
[weblearnbd.net/tphtml/ninico/assets/img/product/home-one/product-2.jpg]
[weblearnbd.net/tphtml/ninico/assets/img/product/home-one/product-4.jpg]
[weblearnbd.net/tphtml/ninico/assets/img/product/home-one/product-5.jpg]
[weblearnbd.net/tphtml/ninico/assets/img/product/home-one/product-6.jpg]
[weblearnbd.net/tphtml/ninico/assets/img/product/home-one/product-7.jpg]
[weblearnbd.net/tphtml/ninico/assets/img/product/home-one/product-8.jpg]
[weblearnbd.net/tphtml/ninico/assets/img/product/home-one/product-9.jpg]
[weblearnbd.net/tphtml/ninico/assets/img/product/home-one/product-10.jpg]
[weblearnbd.net/tphtml/ninico/assets/img/product/home-one/product-11.jpg]
[weblearnbd.net/tphtml/ninico/assets/img/product/home-one/product-12.jpg]
[weblearnbd.net/tphtml/ninico/assets/img/product/home-one/product-13.jpg]
[weblearnbd.net/tphtml/ninico/assets/img/product/home-one/product-14.jpg]
[weblearnbd.net/tphtml/ninico/assets/img/product/home-one/product-15.jpg]
[weblearnbd.net/tphtml/ninico/assets/img/product/home-one/product-16.jpg]
[weblearnbd.net/tphtml/ninico/assets/img/product/home-one/product-17.jpg]
[weblearnbd.net/tphtml/ninico/assets/img/product/home-one/product-18.jpg]
[weblearnbd.net/tphtml/ninico/assets/img/product/home-one/product-19.jpg]
[weblearnbd.net/tphtml/ninico/assets/img/product/home-one/product-20.jpg]
[weblearnbd.net/tphtml/ninico/assets/img/floded/floded-01.png]
[weblearnbd.net/tphtml/ninico/assets/img/instagram/instagram-01.jpg]
[weblearnbd.net/tphtml/ninico/assets/img/instagram/instagram-02.jpg]
[weblearnbd.net/tphtml/ninico/assets/img/instagram/instagram-03.jpg]
[weblearnbd.net/tphtml/ninico/assets/img/instagram/instagram-04.jpg]
[weblearnbd.net/tphtml/ninico/assets/img/instagram/instagram-05.jpg]
[weblearnbd.net/tphtml/ninico/assets/img/instagram/instagram-06.jpg]
[weblearnbd.net/tphtml/ninico/assets/img/footer/f-google.jpg]
[weblearnbd.net/tphtml/ninico/assets/img/footer/f-app.jpg]
[weblearnbd.net/tphtml/ninico/assets/img/footer/f-brand-icon-01.png]
[weblearnbd.net/tphtml/ninico/assets/js/jquery.js]
[weblearnbd.net/tphtml/ninico/assets/js/waypoints.js]
[weblearnbd.net/tphtml/ninico/assets/js/bootstrap.bundle.min.js]
[weblearnbd.net/tphtml/ninico/assets/js/swiper-bundle.js]
[weblearnbd.net/tphtml/ninico/assets/js/slick.js]
[weblearnbd.net/tphtml/ninico/assets/js/magnific-popup.js]
[weblearnbd.net/tphtml/ninico/assets/js/nice-select.js]
[weblearnbd.net/tphtml/ninico/assets/js/counterup.js]
[weblearnbd.net/tphtml/ninico/assets/js/wow.js]
[weblearnbd.net/tphtml/ninico/assets/js/isotope-pkgd.js]
[weblearnbd.net/tphtml/ninico/assets/js/imagesloaded-pkgd.js]
[weblearnbd.net/tphtml/ninico/assets/js/countdown.js]
[weblearnbd.net/tphtml/ninico/assets/js/ajax-form.js]
[weblearnbd.net/tphtml/ninico/assets/js/meanmenu.js]
[weblearnbd.net/tphtml/ninico/assets/js/jquery.knob.js]
[weblearnbd.net/tphtml/ninico/index.html]
[weblearnbd.net/tphtml/ninico/assets/css/bootstrap.min.css]
[weblearnbd.net/tphtml/ninico/assets/css/animate.css]
[weblearnbd.net/tphtml/ninico/assets/css/swiper-bundle.css]
[weblearnbd.net/tphtml/ninico/assets/css/slick.css]
[weblearnbd.net/tphtml/ninico/assets/css/nice-select.css]
[weblearnbd.net/tphtml/ninico/assets/js/main.js]
[weblearnbd.net/tphtml/ninico/assets/fonts/fa-brands-400.eot]
[weblearnbd.net/tphtml/ninico/assets/fonts/fa-brands-400d41d.eot]
[weblearnbd.net/tphtml/ninico/assets/fonts/fa-brands-400.woff2]
[weblearnbd.net/tphtml/ninico/assets/fonts/fa-brands-400.woff]
[weblearnbd.net/tphtml/ninico/assets/fonts/fa-brands-400.ttf]
[weblearnbd.net/tphtml/ninico/assets/fonts/fa-brands-400.svg]
[weblearnbd.net/tphtml/ninico/assets/fonts/fa-duotone-900.eot]
[weblearnbd.net/tphtml/ninico/assets/fonts/fa-duotone-900.woff2]
[weblearnbd.net/tphtml/ninico/assets/fonts/fa-duotone-900.woff]
[weblearnbd.net/tphtml/ninico/assets/fonts/fa-duotone-900.ttf]
[weblearnbd.net/tphtml/ninico/assets/fonts/fa-duotone-900d41d.eot]
[weblearnbd.net/tphtml/ninico/assets/fonts/fa-light-300.eot]
[weblearnbd.net/tphtml/ninico/assets/fonts/fa-duotone-900.svg]
[weblearnbd.net/tphtml/ninico/assets/fonts/fa-light-300.woff2]
[weblearnbd.net/tphtml/ninico/assets/fonts/fa-light-300d41d.eot]
[weblearnbd.net/tphtml/ninico/assets/fonts/fa-light-300.woff]
[weblearnbd.net/tphtml/ninico/assets/fonts/fa-light-300.ttf]
[weblearnbd.net/tphtml/ninico/assets/fonts/fa-regular-400.eot]
[weblearnbd.net/tphtml/ninico/assets/fonts/fa-light-300.svg]
[weblearnbd.net/tphtml/ninico/assets/fonts/fa-regular-400.woff2]
[weblearnbd.net/tphtml/ninico/assets/fonts/fa-regular-400d41d.eot]
[weblearnbd.net/tphtml/ninico/assets/fonts/fa-regular-400.woff]
[weblearnbd.net/tphtml/ninico/assets/fonts/fa-regular-400.ttf]
[weblearnbd.net/tphtml/ninico/assets/fonts/fa-solid-900.eot]
[weblearnbd.net/tphtml/ninico/assets/fonts/fa-solid-900d41d.eot]
[weblearnbd.net/tphtml/ninico/assets/fonts/fa-solid-900.woff2]
[weblearnbd.net/tphtml/ninico/assets/fonts/fa-solid-900.woff]
[weblearnbd.net/tphtml/ninico/assets/fonts/fa-solid-900.ttf]
[weblearnbd.net/tphtml/ninico/assets/css/fontawesome.min.css]
[weblearnbd.net/tphtml/ninico/assets/css/magnific-popup.css]
[weblearnbd.net/tphtml/ninico/assets/css/meanmenu.css]
[weblearnbd.net/tphtml/ninico/assets/css/spacing.css]
[weblearnbd.net/tphtml/ninico/assets/fonts/fa-solid-900.svg]
[weblearnbd.net/tphtml/ninico/assets/img/blog/blog-thumb-07.jpg]
[weblearnbd.net/tphtml/ninico/assets/css/main.css]
[weblearnbd.net/tphtml/ninico/assets/fonts/fa-regular-400.svg]
[weblearnbd.net/tphtml/ninico/assets/css/jquery-ui.css]
[weblearnbd.net/tphtml/ninico/assets/img/banner/banner-2-03.jpg]
[weblearnbd.net/tphtml/ninico/assets/img/banner/banner-2-04.jpg]
[weblearnbd.net/tphtml/ninico/assets/img/banner/breadcrumb-01.jpg]
[weblearnbd.net/tphtml/ninico/assets/img/product/home-two/product-21.jpg]
[weblearnbd.net/tphtml/ninico/assets/img/product/home-two/product-22.jpg]
[weblearnbd.net/tphtml/ninico/assets/img/product/home-two/product-23.jpg]
[weblearnbd.net/tphtml/ninico/assets/img/product/home-two/product-24.jpg]
[weblearnbd.net/tphtml/ninico/assets/img/product/home-two/product-25.jpg]
[weblearnbd.net/tphtml/ninico/assets/img/product/home-two/product-26.jpg]
[weblearnbd.net/tphtml/ninico/assets/img/product/home-two/product-27.jpg]
[weblearnbd.net/tphtml/ninico/assets/img/product/home-two/product-28.jpg]
[weblearnbd.net/tphtml/ninico/assets/img/product/home-two/product-31.jpg]
[weblearnbd.net/tphtml/ninico/assets/img/product/home-two/product-32.jpg]
[weblearnbd.net/tphtml/ninico/assets/img/product/home-two/product-29.jpg]
[weblearnbd.net/tphtml/ninico/assets/img/product/home-two/product-30.jpg]
[weblearnbd.net/tphtml/ninico/assets/img/product/home-two/product-33.jpg]
[weblearnbd.net/tphtml/ninico/assets/img/product/home-two/product-34.jpg]
[weblearnbd.net/tphtml/ninico/assets/img/product/home-two/product-35.jpg]
[weblearnbd.net/tphtml/ninico/assets/img/product/home-two/product-36.jpg]
[weblearnbd.net/tphtml/ninico/assets/img/product/home-two/product-37.jpg]
[weblearnbd.net/tphtml/ninico/assets/img/product/home-two/product-38.jpg]
[weblearnbd.net/tphtml/ninico/assets/img/product/home-two/product-39.jpg]
[weblearnbd.net/tphtml/ninico/assets/img/product/home-two/product-40.jpg]
[weblearnbd.net/tphtml/ninico/assets/img/logo/logo-white.png]
[weblearnbd.net/tphtml/ninico/shop.html]
[weblearnbd.net/tphtml/ninico/assets/js/jquery-ui.js]
[weblearnbd.net/tphtml/ninico/assets/img/banner/login-bg.jpg]
[weblearnbd.net/tphtml/ninico/assets/img/icon/lock.png]
[weblearnbd.net/tphtml/ninico/assets/img/banner/sign-bg.jpg]
[weblearnbd.net/tphtml/ninico/assets/img/icon/sign-up.png]
[weblearnbd.net/tphtml/ninico/sign-in.html]
[weblearnbd.net/tphtml/ninico/assets/img/product/home-three/product-60.jpg]
[weblearnbd.net/tphtml/ninico/wishlist.html]
[weblearnbd.net/tphtml/ninico/assets/img/product/home-two/product-42.jpg]
[weblearnbd.net/tphtml/ninico/assets/img/product/home-two/product-41.jpg]
[weblearnbd.net/tphtml/ninico/assets/img/product/home-two/product-44.jpg]
[weblearnbd.net/tphtml/ninico/assets/img/product/home-two/product-43.jpg]
[weblearnbd.net/tphtml/ninico/shop-2.html]
[weblearnbd.net/tphtml/ninico/assets/img/slider/slider-01.png]
[weblearnbd.net/tphtml/ninico/assets/img/slider/fasion-tag-01.png]
[weblearnbd.net/tphtml/ninico/assets/img/slider/slider-02.png]
[weblearnbd.net/tphtml/ninico/assets/img/slider/slider-03.png]
[weblearnbd.net/tphtml/ninico/assets/img/banner/banner-2-01.jpg]
[weblearnbd.net/tphtml/ninico/assets/img/banner/banner-2-02.jpg]
[weblearnbd.net/tphtml/ninico/assets/img/banner/banner-offer-01.jpg]
[weblearnbd.net/tphtml/ninico/assets/img/banner/banner-offer-02.jpg]
[weblearnbd.net/tphtml/ninico/assets/img/blog/blog-01.jpg]
[weblearnbd.net/tphtml/ninico/assets/img/blog/blog-02.jpg]
[weblearnbd.net/tphtml/ninico/assets/img/blog/blog-03.jpg]
[weblearnbd.net/tphtml/ninico/assets/img/brand/brand-01.png]
[weblearnbd.net/tphtml/ninico/assets/img/brand/brand-02.png]
[weblearnbd.net/tphtml/ninico/assets/img/brand/brand-03.png]
[weblearnbd.net/tphtml/ninico/assets/img/brand/brand-04.png]
[weblearnbd.net/tphtml/ninico/assets/img/brand/brand-05.png]
[weblearnbd.net/tphtml/ninico/assets/img/brand/brand-06.png]
[weblearnbd.net/tphtml/ninico/index-2.html]
[weblearnbd.net/tphtml/ninico/assets/img/slider/slider-04.png]
[weblearnbd.net/tphtml/ninico/assets/img/slider/fasion-tag-02.png]
[weblearnbd.net/tphtml/ninico/assets/img/slider/slider-05.png]
[weblearnbd.net/tphtml/ninico/assets/img/slider/slider-06.png]
[weblearnbd.net/tphtml/ninico/assets/img/product/home-three/product-41.jpg]
[weblearnbd.net/tphtml/ninico/assets/img/product/home-three/product-42.jpg]
[weblearnbd.net/tphtml/ninico/assets/img/product/home-three/product-43.jpg]
[weblearnbd.net/tphtml/ninico/assets/img/product/home-three/product-44.jpg]
[weblearnbd.net/tphtml/ninico/assets/img/product/home-three/product-45.jpg]
[weblearnbd.net/tphtml/ninico/assets/img/product/home-three/product-46.jpg]
[weblearnbd.net/tphtml/ninico/assets/img/product/home-three/product-47.jpg]
[weblearnbd.net/tphtml/ninico/assets/img/product/home-three/product-48.jpg]
[weblearnbd.net/tphtml/ninico/assets/img/product/home-three/product-49.jpg]
[weblearnbd.net/tphtml/ninico/assets/img/product/home-three/product-50.jpg]
[weblearnbd.net/tphtml/ninico/assets/img/product/home-three/product-51.jpg]
[weblearnbd.net/tphtml/ninico/assets/img/product/home-three/product-52.jpg]
[weblearnbd.net/tphtml/ninico/assets/img/product/home-three/product-53.jpg]
[weblearnbd.net/tphtml/ninico/assets/img/product/home-three/product-54.jpg]
[weblearnbd.net/tphtml/ninico/assets/img/product/home-three/product-55.jpg]
[weblearnbd.net/tphtml/ninico/assets/img/product/home-three/product-56.jpg]
[weblearnbd.net/tphtml/ninico/assets/img/product/home-three/product-57.jpg]
[weblearnbd.net/tphtml/ninico/assets/img/product/home-three/product-58.jpg]
[weblearnbd.net/tphtml/ninico/assets/img/product/home-three/product-59.jpg]
[weblearnbd.net/tphtml/ninico/assets/img/banner/banner-03-01.jpg]
[weblearnbd.net/tphtml/ninico/assets/img/banner/banner-03-02.jpg]
[weblearnbd.net/tphtml/ninico/assets/img/banner/banner-03-03.jpg]
[weblearnbd.net/tphtml/ninico/assets/img/floded/floded-02.png]
[weblearnbd.net/tphtml/ninico/assets/img/shop/w-product-01.jpg]
[weblearnbd.net/tphtml/ninico/assets/img/shop/w-product-02.jpg]
[weblearnbd.net/tphtml/ninico/assets/img/shop/w-product-03.jpg]
[weblearnbd.net/tphtml/ninico/assets/img/shop/w-product-04.jpg]
[weblearnbd.net/tphtml/ninico/assets/img/shop/w-product-05.jpg]
[weblearnbd.net/tphtml/ninico/assets/img/banner/product-shape-01.png]
[weblearnbd.net/tphtml/ninico/assets/img/banner/product-shape-02.png]
[weblearnbd.net/tphtml/ninico/assets/img/brand/brand-w-01.png]
[weblearnbd.net/tphtml/ninico/assets/img/brand/brand-w-02.png]
[weblearnbd.net/tphtml/ninico/assets/img/brand/brand-w-03.png]
[weblearnbd.net/tphtml/ninico/assets/img/brand/brand-w-04.png]
[weblearnbd.net/tphtml/ninico/assets/img/brand/brand-w-05.png]
[weblearnbd.net/tphtml/ninico/assets/img/brand/brand-w-06.png]
[weblearnbd.net/tphtml/ninico/assets/img/blog/blog-thumb-01.jpg]
[weblearnbd.net/tphtml/ninico/assets/img/blog/blog-thumb-02.jpg]
[weblearnbd.net/tphtml/ninico/assets/img/blog/blog-thumb-03.jpg]
[weblearnbd.net/tphtml/ninico/assets/img/blog/blog-thumb-04.jpg]
[weblearnbd.net/tphtml/ninico/index-3.html]
[weblearnbd.net/tphtml/ninico/assets/img/slider/fasion-tag-03.png]
[weblearnbd.net/tphtml/ninico/assets/img/slider/slider-bg-04.png]
[weblearnbd.net/tphtml/ninico/assets/img/slider/slider-bg-05.png]
[weblearnbd.net/tphtml/ninico/assets/img/slider/slider-bg-06.png]
[weblearnbd.net/tphtml/ninico/assets/img/brand/pla-brand-01.png]
[weblearnbd.net/tphtml/ninico/assets/img/brand/pla-brand-02.png]
[weblearnbd.net/tphtml/ninico/assets/img/brand/pla-brand-03.png]
[weblearnbd.net/tphtml/ninico/assets/img/brand/pla-brand-04.png]
[weblearnbd.net/tphtml/ninico/assets/img/brand/pla-brand-05.png]
[weblearnbd.net/tphtml/ninico/assets/img/brand/pla-brand-06.png]
[weblearnbd.net/tphtml/ninico/assets/img/banner/banner-thumb-01.jpg]
[weblearnbd.net/tphtml/ninico/assets/img/banner/banner-thumb-02.jpg]
[weblearnbd.net/tphtml/ninico/assets/img/banner/banner-thumb-03.jpg]
[weblearnbd.net/tphtml/ninico/assets/img/banner/banner-thumb-04.jpg]
[weblearnbd.net/tphtml/ninico/assets/img/product/home-four/product-1.jpg]
[weblearnbd.net/tphtml/ninico/assets/img/product/home-four/product-2.jpg]
[weblearnbd.net/tphtml/ninico/assets/img/product/home-four/product-3.jpg]
[weblearnbd.net/tphtml/ninico/assets/img/product/home-four/product-4.jpg]
[weblearnbd.net/tphtml/ninico/assets/img/product/home-four/product-9.jpg]
[weblearnbd.net/tphtml/ninico/assets/img/product/home-four/product-10.jpg]
[weblearnbd.net/tphtml/ninico/assets/img/product/home-four/product-7.jpg]
[weblearnbd.net/tphtml/ninico/assets/img/product/home-four/product-8.jpg]
[weblearnbd.net/tphtml/ninico/assets/img/product/home-four/product-5.jpg]
[weblearnbd.net/tphtml/ninico/assets/img/product/home-four/product-6.jpg]
[weblearnbd.net/tphtml/ninico/assets/img/features/feature-icon-01.png]
[weblearnbd.net/tphtml/ninico/assets/img/features/feature-icon-02.png]
[weblearnbd.net/tphtml/ninico/assets/img/features/feature-icon-03.png]
[weblearnbd.net/tphtml/ninico/assets/img/features/feature-icon-04.png]
[weblearnbd.net/tphtml/ninico/assets/img/features/feature-icon-05.png]
[weblearnbd.net/tphtml/ninico/assets/img/features/feature-icon-06.png]
[weblearnbd.net/tphtml/ninico/assets/img/floded/floded-03.png]
[weblearnbd.net/tphtml/ninico/assets/img/testimonial/testi-avata-01.png]
[weblearnbd.net/tphtml/ninico/assets/img/testimonial/testi-avata-02.png]
[weblearnbd.net/tphtml/ninico/assets/img/testimonial/testi-avata-03.png]
[weblearnbd.net/tphtml/ninico/assets/img/blog/blog-thumb-05.jpg]
[weblearnbd.net/tphtml/ninico/assets/img/blog/blog-thumb-06.jpg]
[weblearnbd.net/tphtml/ninico/assets/img/blog/blog-thumb-08.jpg]
[weblearnbd.net/tphtml/ninico/index-4.html]
[weblearnbd.net/tphtml/ninico/assets/img/banner/banner-bg-05.jpg]
[weblearnbd.net/tphtml/ninico/assets/img/slider/slider-05-bg-1.jpg]
[weblearnbd.net/tphtml/ninico/assets/img/slider/slider-05-bg-2.jpg]
[weblearnbd.net/tphtml/ninico/assets/img/slider/slider-05-bg-3.jpg]
[weblearnbd.net/tphtml/ninico/assets/img/slider/slider-05-bg-4.jpg]
[weblearnbd.net/tphtml/ninico/assets/img/slider/slider-05-banner-1.jpg]
[weblearnbd.net/tphtml/ninico/assets/img/slider/slider-05-banner-2.jpg]
[weblearnbd.net/tphtml/ninico/assets/img/product/home-five/product-1.jpg]
[weblearnbd.net/tphtml/ninico/assets/img/product/home-five/product-2.jpg]
[weblearnbd.net/tphtml/ninico/assets/img/product/home-five/product-3.jpg]
[weblearnbd.net/tphtml/ninico/assets/img/product/home-five/product-4.jpg]
[weblearnbd.net/tphtml/ninico/assets/img/product/home-five/product-5.jpg]
[weblearnbd.net/tphtml/ninico/assets/img/product/home-five/product-6.jpg]
[weblearnbd.net/tphtml/ninico/assets/img/product/home-five/product-7.jpg]
[weblearnbd.net/tphtml/ninico/assets/img/product/home-five/product-8.jpg]
[weblearnbd.net/tphtml/ninico/assets/img/product/home-five/product-9.jpg]
[weblearnbd.net/tphtml/ninico/assets/img/product/home-five/product-10.jpg]
[weblearnbd.net/tphtml/ninico/assets/img/product/home-five/product-11.jpg]
[weblearnbd.net/tphtml/ninico/assets/img/product/home-five/product-12.jpg]
[weblearnbd.net/tphtml/ninico/assets/img/product/home-five/product-13.jpg]
[weblearnbd.net/tphtml/ninico/assets/img/product/home-five/product-14.jpg]
[weblearnbd.net/tphtml/ninico/assets/img/product/home-five/product-15.jpg]
[weblearnbd.net/tphtml/ninico/assets/img/product/home-five/product-16.jpg]
[weblearnbd.net/tphtml/ninico/assets/img/product/home-five/product-17.jpg]
[weblearnbd.net/tphtml/ninico/assets/img/product/home-five/product-18.jpg]
[weblearnbd.net/tphtml/ninico/assets/img/product/home-five/product-19.jpg]
[weblearnbd.net/tphtml/ninico/assets/img/product/home-five/product-20.jpg]
[weblearnbd.net/tphtml/ninico/assets/img/slider/video-bg-01.jpg]
[weblearnbd.net/tphtml/ninico/assets/img/product/home-five/product-21.jpg]
[weblearnbd.net/tphtml/ninico/assets/img/product/home-five/product-22.jpg]
[weblearnbd.net/tphtml/ninico/assets/img/product/home-five/product-23.jpg]
[weblearnbd.net/tphtml/ninico/assets/img/product/home-five/product-24.jpg]
[weblearnbd.net/tphtml/ninico/assets/img/product/home-five/product-25.jpg]
[weblearnbd.net/tphtml/ninico/index-5.html]
[weblearnbd.net/tphtml/ninico/assets/img/icon/product-det-1.png]
[weblearnbd.net/tphtml/ninico/assets/img/icon/product-det-2.png]
[weblearnbd.net/tphtml/ninico/assets/img/icon/product-det-3.png]
[weblearnbd.net/tphtml/ninico/assets/img/icon/product-det-4.png]
[weblearnbd.net/tphtml/ninico/assets/img/shop/reviewer-01.png]
[weblearnbd.net/tphtml/ninico/assets/img/shop/reviewer-02.png]
[weblearnbd.net/tphtml/ninico/assets/img/shop/reviewer-03.png]
[weblearnbd.net/tphtml/ninico/shop-details.html]
[weblearnbd.net/tphtml/ninico/shop-details-2.html]
[weblearnbd.net/tphtml/ninico/assets/img/shop/location-1.png]
[weblearnbd.net/tphtml/ninico/assets/img/shop/location-2.png]
[weblearnbd.net/tphtml/ninico/assets/img/shop/location-3.png]
[weblearnbd.net/tphtml/ninico/assets/img/shop/location-4.png]
[weblearnbd.net/tphtml/ninico/shop-location.html]
[weblearnbd.net/tphtml/ninico/cart.html]
[weblearnbd.net/tphtml/ninico/checkout.html]
[weblearnbd.net/tphtml/ninico/assets/img/banner/track-bg.jpg]
[weblearnbd.net/tphtml/ninico/assets/img/icon/track-1.png]
[weblearnbd.net/tphtml/ninico/services.html]
[weblearnbd.net/tphtml/ninico/faq.html]
[weblearnbd.net/tphtml/ninico/track.html]
[weblearnbd.net/tphtml/ninico/assets/img/banner/about-img-1.jpg]
[weblearnbd.net/tphtml/ninico/assets/img/banner/about-img-2.jpg]
[weblearnbd.net/tphtml/ninico/assets/img/banner/about-img-3.png]
[weblearnbd.net/tphtml/ninico/assets/img/testimonial/team-1.jpg]
[weblearnbd.net/tphtml/ninico/assets/img/testimonial/team-2.jpg]
[weblearnbd.net/tphtml/ninico/assets/img/testimonial/team-3.jpg]
[weblearnbd.net/tphtml/ninico/assets/img/testimonial/team-4.jpg]
[weblearnbd.net/tphtml/ninico/assets/img/banner/about-banner-1.jpg]
[weblearnbd.net/tphtml/ninico/assets/img/banner/about-banner-2.jpg]
[weblearnbd.net/tphtml/ninico/about.html]
[weblearnbd.net/tphtml/ninico/assets/img/icon/error.png]
[weblearnbd.net/tphtml/ninico/error.html]
[weblearnbd.net/tphtml/ninico/assets/img/banner/comming-soon-1.jpg]
[weblearnbd.net/tphtml/ninico/assets/img/logo/c-logo.png]
[weblearnbd.net/tphtml/ninico/coming-soon.html]
[weblearnbd.net/tphtml/ninico/assets/img/blog/blog-in-01.jpg]
[weblearnbd.net/tphtml/ninico/assets/img/blog/blog-in-04.jpg]
[weblearnbd.net/tphtml/ninico/assets/img/blog/blog-in-05.jpg]
[weblearnbd.net/tphtml/ninico/assets/img/blog/blog-in-06.jpg]
[weblearnbd.net/tphtml/ninico/assets/img/blog/blog-in-03.jpg]
[weblearnbd.net/tphtml/ninico/assets/img/blog/sidebar/blog-sm-2.jpg]
[weblearnbd.net/tphtml/ninico/assets/img/blog/sidebar/blog-sm-3.jpg]
[weblearnbd.net/tphtml/ninico/assets/img/blog/sidebar/blog-sm-4.jpg]
[weblearnbd.net/tphtml/ninico/blog.html]
[weblearnbd.net/tphtml/ninico/assets/img/blog/blog-in-02.jpg]
[weblearnbd.net/tphtml/ninico/assets/img/blog/comments/comment-1.jpg]
[weblearnbd.net/tphtml/ninico/assets/img/blog/comments/comment-2.jpg]
[weblearnbd.net/tphtml/ninico/assets/img/blog/sidebar/blog-sm-1.jpg]
[weblearnbd.net/tphtml/ninico/blog-details.html]
[weblearnbd.net/tphtml/ninico/contact.html]
[weblearnbd.net/tphtml/ninico/assets/js/jquery.js]
[weblearnbd.net/tphtml/ninico/assets/js/waypoints.js]
[weblearnbd.net/tphtml/ninico/assets/js/bootstrap.bundle.min.js]
[weblearnbd.net/tphtml/ninico/a.params.url]
[weblearnbd.net/tphtml/ninico/assets/js/swiper-bundle.js]
[weblearnbd.net/tphtml/ninico/assets/js/slick.js]
[weblearnbd.net/tphtml/ninico/assets/js/magnific-popup.js]
[weblearnbd.net/tphtml/ninico/assets/js/nice-select.js]
[weblearnbd.net/tphtml/ninico/assets/js/counterup.js]
[weblearnbd.net/tphtml/ninico/assets/js/wow.js]
[weblearnbd.net/tphtml/ninico/assets/js/isotope-pkgd.js]
[weblearnbd.net/tphtml/ninico/assets/js/imagesloaded-pkgd.js]
[weblearnbd.net/tphtml/ninico/assets/js/countdown.js]
[weblearnbd.net/tphtml/ninico/assets/js/ajax-form.js]
[weblearnbd.net/tphtml/ninico/assets/js/meanmenu.js]
[weblearnbd.net/tphtml/ninico/assets/js/jquery.knob.js]
[weblearnbd.net/tphtml/ninico/assets/js/main.js]
[weblearnbd.net/tphtml/ninico/assets/fonts/fa-brands-400.svg]
[weblearnbd.net/tphtml/ninico/assets/fonts/fa-duotone-900.svg]
[weblearnbd.net/tphtml/ninico/assets/fonts/fa-light-300.svg]
[weblearnbd.net/tphtml/ninico/assets/fonts/fa-regular-400.svg]
[weblearnbd.net/tphtml/ninico/assets/fonts/fa-solid-900.svg]
[weblearnbd.net/tphtml/ninico/assets/css/images/ui-icons_444444_256x240.145.delayed]
[weblearnbd.net/tphtml/ninico/assets/css/images/ui-icons_555555_256x240.png]
[weblearnbd.net/tphtml/ninico/assets/css/images/ui-icons_ffffff_256x240.png]
[weblearnbd.net/tphtml/ninico/assets/css/images/ui-icons_777620_256x240.png]
[weblearnbd.net/tphtml/ninico/assets/css/images/ui-icons_cc0000_256x240.png]
[weblearnbd.net/tphtml/ninico/assets/css/images/ui-icons_777777_256x240.png]
[weblearnbd.net/tphtml/ninico/assets/css/jquery-ui.css]
[weblearnbd.net/tphtml/ninico/assets/js/jquery-ui.js]
[weblearnbd.net/tphtml/ninico/services.html]
[weblearnbd.net/tphtml/ninico/faq.html]
[weblearnbd.net/tphtml/ninico/a.params.html]
[weblearnbd.net/tphtml/ninico/assets/css/images/ui-icons_444444_256x240.html]
[weblearnbd.net/tphtml/ninico/assets/css/images/ui-icons_555555_256x240.html]
[weblearnbd.net/tphtml/ninico/assets/css/images/ui-icons_ffffff_256x240.html]
[weblearnbd.net/tphtml/ninico/assets/css/images/ui-icons_777620_256x240.html]
[weblearnbd.net/tphtml/ninico/assets/css/images/ui-icons_cc0000_256x240.html]
[weblearnbd.net/tphtml/ninico/assets/css/images/ui-icons_777777_256x240.html]
